
> test
> node scripts/run-suites.mjs

PASS tests/architecture-modules.test.mjs — architecture module tests passed
PASS tests/veyra-animation.test.mjs — ✅ All Veyra animation tests passed!
PASS tests/veyra-browser.test.mjs — Veyra headless browser suite — 15/15 checks green
PASS tests/veyra-control-plane-corrections.test.mjs — veyra M3 correction-pass tests passed
FAIL tests/veyra-control-plane.test.mjs
file:///home/runner/work/Rive_Rider/Rive_Rider/src/veyra/model.js:552
    compatibilityLayer: createReference('machineLayer', compatibility.id),
                        ^

ReferenceError: createReference is not defined
    at createStateMachine (file:///home/runner/work/Rive_Rider/Rive_Rider/src/veyra/model.js:552:25)
    at fixture (file:///home/runner/work/Rive_Rider/Rive_Rider/tests/veyra-control-plane.test.mjs:61:19)
    at file:///home/runner/work/Rive_Rider/Rive_Rider/tests/veyra-control-plane.test.mjs:103:18
    at ModuleJob.run (node:internal/modules/esm/module_job:343:25)
    at async onImport.tracePromise.__proto__ (node:internal/modules/esm/loader:681:26)
    at async asyncRunEntryPointWithESMLoader (node:internal/modules/run_main:117:5)

Node.js v22.23.2
PASS tests/veyra-foundation.test.mjs — veyra foundation contract tests passed
PASS tests/veyra-gestures.test.mjs — veyra gesture tests passed
PASS tests/veyra-golden.test.mjs — veyra golden scene tests passed
PASS tests/veyra-hittest.test.mjs — All hit-test tests passed!
FAIL tests/veyra-identity.test.mjs
file:///home/runner/work/Rive_Rider/Rive_Rider/src/veyra/model.js:552
    compatibilityLayer: createReference('machineLayer', compatibility.id),
                        ^

ReferenceError: createReference is not defined
    at createStateMachine (file:///home/runner/work/Rive_Rider/Rive_Rider/src/veyra/model.js:552:25)
    at file:///home/runner/work/Rive_Rider/Rive_Rider/tests/veyra-identity.test.mjs:113:17
    at ModuleJob.run (node:internal/modules/esm/module_job:343:25)
    at async onImport.tracePromise.__proto__ (node:internal/modules/esm/loader:681:26)
    at async asyncRunEntryPointWithESMLoader (node:internal/modules/run_main:117:5)

Node.js v22.23.2
FAIL tests/veyra-interaction-loop.test.mjs
file:///home/runner/work/Rive_Rider/Rive_Rider/src/veyra/model.js:552
    compatibilityLayer: createReference('machineLayer', compatibility.id),
                        ^

ReferenceError: createReference is not defined
    at createStateMachine (file:///home/runner/work/Rive_Rider/Rive_Rider/src/veyra/model.js:552:25)
    at goldenFixture (file:///home/runner/work/Rive_Rider/Rive_Rider/tests/veyra-interaction-loop.test.mjs:75:19)
    at file:///home/runner/work/Rive_Rider/Rive_Rider/tests/veyra-interaction-loop.test.mjs:130:20
    at ModuleJob.run (node:internal/modules/esm/module_job:343:25)
    at async onImport.tracePromise.__proto__ (node:internal/modules/esm/loader:681:26)
    at async asyncRunEntryPointWithESMLoader (node:internal/modules/run_main:117:5)

Node.js v22.23.2
FAIL tests/veyra-listener-runtime-invariants.test.mjs
PASS DEFECT: hitTestPoint is exported from the hit-test runtime seam
PASS GUARD: hit-test resolves the stable topmost node under zoom and pan
PASS GUARD: hit-test skips invisible nodes and falls back to the next topmost node
PASS GUARD: hit-test rejects degenerate geometry instead of manufacturing a hit
file:///home/runner/work/Rive_Rider/Rive_Rider/src/veyra/model.js:552
    compatibilityLayer: createReference('machineLayer', compatibility.id),
                        ^

ReferenceError: createReference is not defined
    at createStateMachine (file:///home/runner/work/Rive_Rider/Rive_Rider/src/veyra/model.js:552:25)
    at file:///home/runner/work/Rive_Rider/Rive_Rider/tests/veyra-listener-runtime-invariants.test.mjs:188:17

Node.js v22.23.2
PASS tests/veyra-listeners-runtime.test.mjs — All listener runtime tests passed!
FAIL tests/veyra-listeners.test.mjs
Testing Veyra listener registry and conditional schema versioning...
file:///home/runner/work/Rive_Rider/Rive_Rider/src/veyra/model.js:552
    compatibilityLayer: createReference('machineLayer', compatibility.id),
                        ^

ReferenceError: createReference is not defined
    at createStateMachine (file:///home/runner/work/Rive_Rider/Rive_Rider/src/veyra/model.js:552:25)
    at file:///home/runner/work/Rive_Rider/Rive_Rider/tests/veyra-listeners.test.mjs:21:17
    at ModuleJob.run (node:internal/modules/esm/module_job:343:25)
    at async onImport.tracePromise.__proto__ (node:internal/modules/esm/loader:681:26)
    at async asyncRunEntryPointWithESMLoader (node:internal/modules/run_main:117:5)

Node.js v22.23.2
PASS tests/veyra-m4-corrections.test.mjs — veyra M4 interaction correctness correction tests passed
PASS tests/veyra-m5-artboard-origin-final.test.mjs — veyra M5 final artboard-origin correction tests passed
PASS tests/veyra-m5-camera-artboard-corrections.test.mjs — veyra M5 camera/artboard correction tests passed
FAIL tests/veyra-m6-component-corrections.test.mjs
file:///home/runner/work/Rive_Rider/Rive_Rider/src/veyra/model.js:552
    compatibilityLayer: createReference('machineLayer', compatibility.id),
                        ^

ReferenceError: createReference is not defined
    at createStateMachine (file:///home/runner/work/Rive_Rider/Rive_Rider/src/veyra/model.js:552:25)
    at animationMachine (file:///home/runner/work/Rive_Rider/Rive_Rider/tests/veyra-m6-component-corrections.test.mjs:34:19)
    at runtimeProject (file:///home/runner/work/Rive_Rider/Rive_Rider/tests/veyra-m6-component-corrections.test.mjs:61:14)
    at file:///home/runner/work/Rive_Rider/Rive_Rider/tests/veyra-m6-component-corrections.test.mjs:85:47
    at ModuleJob.run (node:internal/modules/esm/module_job:343:25)
    at async onImport.tracePromise.__proto__ (node:internal/modules/esm/loader:681:26)
    at async asyncRunEntryPointWithESMLoader (node:internal/modules/run_main:117:5)

Node.js v22.23.2
FAIL tests/veyra-m6-final-corrections.test.mjs
file:///home/runner/work/Rive_Rider/Rive_Rider/src/veyra/model.js:552
    compatibilityLayer: createReference('machineLayer', compatibility.id),
                        ^

ReferenceError: createReference is not defined
    at createStateMachine (file:///home/runner/work/Rive_Rider/Rive_Rider/src/veyra/model.js:552:25)
    at oneStateMachine (file:///home/runner/work/Rive_Rider/Rive_Rider/tests/veyra-m6-final-corrections.test.mjs:144:19)
    at nestedRuntimeProject (file:///home/runner/work/Rive_Rider/Rive_Rider/tests/veyra-m6-final-corrections.test.mjs:162:20)
    at file:///home/runner/work/Rive_Rider/Rive_Rider/tests/veyra-m6-final-corrections.test.mjs:195:13
    at ModuleJob.run (node:internal/modules/esm/module_job:343:25)
    at async onImport.tracePromise.__proto__ (node:internal/modules/esm/loader:681:26)
    at async asyncRunEntryPointWithESMLoader (node:internal/modules/run_main:117:5)

Node.js v22.23.2
FAIL tests/veyra-m6-project-graph.test.mjs
file:///home/runner/work/Rive_Rider/Rive_Rider/src/veyra/model.js:552
    compatibilityLayer: createReference('machineLayer', compatibility.id),
                        ^

ReferenceError: createReference is not defined
    at createStateMachine (file:///home/runner/work/Rive_Rider/Rive_Rider/src/veyra/model.js:552:25)
    at baseProject (file:///home/runner/work/Rive_Rider/Rive_Rider/tests/veyra-m6-project-graph.test.mjs:66:19)
    at file:///home/runner/work/Rive_Rider/Rive_Rider/tests/veyra-m6-project-graph.test.mjs:85:28
    at ModuleJob.run (node:internal/modules/esm/module_job:343:25)
    at async onImport.tracePromise.__proto__ (node:internal/modules/esm/loader:681:26)
    at async asyncRunEntryPointWithESMLoader (node:internal/modules/run_main:117:5)

Node.js v22.23.2
PASS tests/veyra-m7-authoring.test.mjs — 22 M7 adversarial checks green
PASS tests/veyra-m8-c1-corrections.test.mjs — veyra M8-C1 correction tests passed — 28 checks; original M8 acceptance #1-#27 explicitly mapped (#28 is exact-final-head CI)
PASS tests/veyra-m8-c2-warm-runtime.test.mjs — veyra M8-C2 warm-runtime correction tests passed — 13 checks green
PASS tests/veyra-m8-c3-composition.test.mjs — M8-C3 composed runtime contracts: 17 checks passed
PASS tests/veyra-m8-c3-runtime-contracts.test.mjs — M8-C3 reproduced contracts: 12 checks passed
FAIL tests/veyra-m8-c4-context.test.mjs
PASS A/B timeline contexts match full/scoped scene and expose source-local wrapper semantics
PASS repeated nested instances use exact path and independent current animation/live values
PASS remapped controller slot and partial mix retain effective timeline identity through ownership
PASS animated PG recommendation executes through advertised public port, changes one instance, preserves authored history/time
PASS data -> converter -> PG -> PG -> visual retains winning root source and executable scoped edit
PASS binding from an animated ordinary property recommends a canonical keyframe edit and evaluated read-back changes
PASS binding sourced from a supported authored Component override recommends editing that override, not overwritten source defaults
FAIL actual state-machine context and remap agree with full scene and PG recommendation overrides it explicitly ReferenceError: createReference is not defined
    at createStateMachine (file:///home/runner/work/Rive_Rider/Rive_Rider/src/veyra/model.js:552:25)
    at VeyraStore.addStateMachine (file:///home/runner/work/Rive_Rider/Rive_Rider/src/veyra/store.js:1000:21)
    at fixture (file:///home/runner/work/Rive_Rider/Rive_Rider/tests/veyra-m8-c4-context.test.mjs:16:79)
    at file:///home/runner/work/Rive_Rider/Rive_Rider/tests/veyra-m8-c4-context.test.mjs:66:25
    at check (file:///home/runner/work/Rive_Rider/Rive_Rider/tests/veyra-m8-c4-context.test.mjs:8:37)
    at file:///home/runner/work/Rive_Rider/Rive_Rider/tests/veyra-m8-c4-context.test.mjs:65:1
    at ModuleJob.run (node:internal/modules/esm/module_job:343:25)
    at async onImport.tracePromise.__proto__ (node:internal/modules/esm/loader:681:26)
    at async asyncRunEntryPointWithESMLoader (node:internal/modules/run_main:117:5)
FAIL state-machine transition reports both effective timeline tracks and observations do not advance it ReferenceError: createReference is not defined
    at createStateMachine (file:///home/runner/work/Rive_Rider/Rive_Rider/src/veyra/model.js:552:25)
    at VeyraStore.addStateMachine (file:///home/runner/work/Rive_Rider/Rive_Rider/src/veyra/store.js:1000:21)
    at fixture (file:///home/runner/work/Rive_Rider/Rive_Rider/tests/veyra-m8-c4-context.test.mjs:16:79)
    at file:///home/runner/work/Rive_Rider/Rive_Rider/tests/veyra-m8-c4-context.test.mjs:71:25
    at check (file:///home/runner/work/Rive_Rider/Rive_Rider/tests/veyra-m8-c4-context.test.mjs:8:37)
    at file:///home/runner/work/Rive_Rider/Rive_Rider/tests/veyra-m8-c4-context.test.mjs:70:1
    at ModuleJob.run (node:internal/modules/esm/module_job:343:25)
    at async onImport.tracePromise.__proto__ (node:internal/modules/esm/loader:681:26)
    at async asyncRunEntryPointWithESMLoader (node:internal/modules/run_main:117:5)
FAIL repeated observation preserves authored state, live values/events, machine clocks/buckets, counters and all notifications ReferenceError: createReference is not defined
    at createStateMachine (file:///home/runner/work/Rive_Rider/Rive_Rider/src/veyra/model.js:552:25)
    at VeyraStore.addStateMachine (file:///home/runner/work/Rive_Rider/Rive_Rider/src/veyra/store.js:1000:21)
    at fixture (file:///home/runner/work/Rive_Rider/Rive_Rider/tests/veyra-m8-c4-context.test.mjs:16:79)
    at file:///home/runner/work/Rive_Rider/Rive_Rider/tests/veyra-m8-c4-context.test.mjs:76:50
    at check (file:///home/runner/work/Rive_Rider/Rive_Rider/tests/veyra-m8-c4-context.test.mjs:8:37)
    at file:///home/runner/work/Rive_Rider/Rive_Rider/tests/veyra-m8-c4-context.test.mjs:75:1
    at ModuleJob.run (node:internal/modules/esm/module_job:343:25)
    at async onImport.tracePromise.__proto__ (node:internal/modules/esm/loader:681:26)
    at async asyncRunEntryPointWithESMLoader (node:internal/modules/run_main:117:5)
PASS explicit live:false uses authored/default controller state and invalid scopes never fall back to a sibling
PASS readonly data roots do not advertise edits even while sibling Property Groups are animated
PASS unscoped explicit timeline context has one read/scene meaning and respects loop override when editing
FAIL direct machine animation and transitions recommend contributing keyframes, not overwritten authored values ReferenceError: createReference is not defined
    at createStateMachine (file:///home/runner/work/Rive_Rider/Rive_Rider/src/veyra/model.js:552:25)
    at VeyraStore.addStateMachine (file:///home/runner/work/Rive_Rider/Rive_Rider/src/veyra/store.js:1000:21)
    at fixture (file:///home/runner/work/Rive_Rider/Rive_Rider/tests/veyra-m8-c4-context.test.mjs:16:79)
    at file:///home/runner/work/Rive_Rider/Rive_Rider/tests/veyra-m8-c4-context.test.mjs:97:28
    at check (file:///home/runner/work/Rive_Rider/Rive_Rider/tests/veyra-m8-c4-context.test.mjs:8:37)
    at file:///home/runner/work/Rive_Rider/Rive_Rider/tests/veyra-m8-c4-context.test.mjs:96:1
    at ModuleJob.run (node:internal/modules/esm/module_job:343:25)
    at async onImport.tracePromise.__proto__ (node:internal/modules/esm/loader:681:26)
    at async asyncRunEntryPointWithESMLoader (node:internal/modules/run_main:117:5)
C4 observation work {"evaluatedScopes":3,"traversal":"full-canonical-host","runtimeSnapshot":true}
C4 observation work {"evaluatedScopes":5,"traversal":"full-canonical-host","runtimeSnapshot":true}
PASS scoped observation reports full host traversal cost while public read-only ports leave live counters unchanged
M8-C4 evaluated context: 11/15 passed
node:internal/modules/run_main:123
    triggerUncaughtException(
    ^

AssertionError [ERR_ASSERTION]: [
  {
    "name": "actual state-machine context and remap agree with full scene and PG recommendation overrides it explicitly",
    "error": "ReferenceError: createReference is not defined\n    at createStateMachine (file:///home/runner/work/Rive_Rider/Rive_Rider/src/veyra/model.js:552:25)\n    at VeyraStore.addStateMachine (file:///home/runner/work/Rive_Rider/Rive_Rider/src/veyra/store.js:1000:21)\n    at fixture (file:///home/runner/work/Rive_Rider/Rive_Rider/tests/veyra-m8-c4-context.test.mjs:16:79)\n    at file:///home/runner/work/Rive_Rider/Rive_Rider/tests/veyra-m8-c4-context.test.mjs:66:25\n    at check (file:///home/runner/work/Rive_Rider/Rive_Rider/tests/veyra-m8-c4-context.test.mjs:8:37)\n    at file:///home/runner/work/Rive_Rider/Rive_Rider/tests/veyra-m8-c4-context.test.mjs:65:1\n    at ModuleJob.run (node:internal/modules/esm/module_job:343:25)\n    at async onImport.tracePromise.__proto__ (node:internal/modules/esm/loader:681:26)\n    at async asyncRunEntryPointWithESMLoader (node:internal/modules/run_main:117:5)"
  },
  {
    "name": "state-machine transition reports both effective timeline tracks and observations do not advance it",
    "error": "ReferenceError: createReference is not defined\n    at createStateMachine (file:///home/runner/work/Rive_Rider/Rive_Rider/src/veyra/model.js:552:25)\n    at VeyraStore.addStateMachine (file:///home/runner/work/Rive_Rider/Rive_Rider/src/veyra/store.js:1000:21)\n    at fixture (file:///home/runner/work/Rive_Rider/Rive_Rider/tests/veyra-m8-c4-context.test.mjs:16:79)\n    at file:///home/runner/work/Rive_Rider/Rive_Rider/tests/veyra-m8-c4-context.test.mjs:71:25\n    at check (file:///home/runner/work/Rive_Rider/Rive_Rider/tests/veyra-m8-c4-context.test.mjs:8:37)\n    at file:///home/runner/work/Rive_Rider/Rive_Rider/tests/veyra-m8-c4-context.test.mjs:70:1\n    at ModuleJob.run (node:internal/modules/esm/module_job:343:25)\n    at async onImport.tracePromise.__proto__ (node:internal/modules/esm/loader:681:26)\n    at async asyncRunEntryPointWithESMLoader (node:internal/modules/run_main:117:5)"
  },
  {
    "name": "repeated observation preserves authored state, live values/events, machine clocks/buckets, counters and all notifications",
    "error": "ReferenceError: createReference is not defined\n    at createStateMachine (file:///home/runner/work/Rive_Rider/Rive_Rider/src/veyra/model.js:552:25)\n    at VeyraStore.addStateMachine (file:///home/runner/work/Rive_Rider/Rive_Rider/src/veyra/store.js:1000:21)\n    at fixture (file:///home/runner/work/Rive_Rider/Rive_Rider/tests/veyra-m8-c4-context.test.mjs:16:79)\n    at file:///home/runner/work/Rive_Rider/Rive_Rider/tests/veyra-m8-c4-context.test.mjs:76:50\n    at check (file:///home/runner/work/Rive_Rider/Rive_Rider/tests/veyra-m8-c4-context.test.mjs:8:37)\n    at file:///home/runner/work/Rive_Rider/Rive_Rider/tests/veyra-m8-c4-context.test.mjs:75:1\n    at ModuleJob.run (node:internal/modules/esm/module_job:343:25)\n    at async onImport.tracePromise.__proto__ (node:internal/modules/esm/loader:681:26)\n    at async asyncRunEntryPointWithESMLoader (node:internal/modules/run_main:117:5)"
  },
  {
    "name": "direct machine animation and transitions recommend contributing keyframes, not overwritten authored values",
    "error": "ReferenceError: createReference is not defined\n    at createStateMachine (file:///home/runner/work/Rive_Rider/Rive_Rider/src/veyra/model.js:552:25)\n    at VeyraStore.addStateMachine (file:///home/runner/work/Rive_Rider/Rive_Rider/src/veyra/store.js:1000:21)\n    at fixture (file:///home/runner/work/Rive_Rider/Rive_Rider/tests/veyra-m8-c4-context.test.mjs:16:79)\n    at file:///home/runner/work/Rive_Rider/Rive_Rider/tests/veyra-m8-c4-context.test.mjs:97:28\n    at check (file:///home/runner/work/Rive_Rider/Rive_Rider/tests/veyra-m8-c4-context.test.mjs:8:37)\n    at file:///home/runner/work/Rive_Rider/Rive_Rider/tests/veyra-m8-c4-context.test.mjs:96:1\n    at ModuleJob.run (node:internal/modules/esm/module_job:343:25)\n    at async onImport.tracePromise.__proto__ (node:internal/modules/esm/loader:681:26)\n    at async asyncRunEntryPointWithESMLoader (node:internal/modules/run_main:117:5)"
  }
]

4 !== 0

    at file:///home/runner/work/Rive_Rider/Rive_Rider/tests/veyra-m8-c4-context.test.mjs:108:89
    at ModuleJob.run (node:internal/modules/esm/module_job:343:25)
    at async onImport.tracePromise.__proto__ (node:internal/modules/esm/loader:681:26)
    at async asyncRunEntryPointWithESMLoader (node:internal/modules/run_main:117:5) {
  generatedMessage: false,
  code: 'ERR_ASSERTION',
  actual: 4,
  expected: 0,
  operator: 'strictEqual',
  diff: 'simple'
}

Node.js v22.23.2
PASS tests/veyra-m8-c4-graph.test.mjs — M8-C4 graph composition: 17/17 passed
PASS tests/veyra-m8-c4-reproduced.test.mjs — M8-C4 reproduced contracts: 9/9 passed
PASS tests/veyra-m8-c4-types.test.mjs — M8-C4 full type contracts: 13/13 passed
PASS tests/veyra-m8-c5-effective-writes.test.mjs
PASS tests/veyra-m8-data-binding.test.mjs — veyra M8 View Models/data binding tests passed — 28/28 adversarial checks green
FAIL tests/veyra-m9-layer-schema.test.mjs
file:///home/runner/work/Rive_Rider/Rive_Rider/src/veyra/model.js:1303
  return {id,name:String(machine.name || ''),layerVersion:VEYRA_MACHINE_LAYER_VERSION,compatibilityLayer:createReference('machineLayer',compatibilityLayerId),inputs,layers,initial:compatibility.initial,states:compatibility.states,transitions:compatibility.transitions};
                                                                                                         ^

ReferenceError: createReference is not defined
    at normalizeStateMachine (file:///home/runner/work/Rive_Rider/Rive_Rider/src/veyra/model.js:1303:106)
    at file:///home/runner/work/Rive_Rider/Rive_Rider/src/veyra/model.js:1511:51
    at Array.map (<anonymous>)
    at normalizeDocument (file:///home/runner/work/Rive_Rider/Rive_Rider/src/veyra/model.js:1511:27)
    at file:///home/runner/work/Rive_Rider/Rive_Rider/tests/veyra-m9-layer-schema.test.mjs:19:12
    at ModuleJob.run (node:internal/modules/esm/module_job:343:25)
    at async onImport.tracePromise.__proto__ (node:internal/modules/esm/loader:681:26)
    at async asyncRunEntryPointWithESMLoader (node:internal/modules/run_main:117:5)

Node.js v22.23.2
FAIL tests/veyra-machine-invariants.test.mjs

Veyra machine invariants — 14/41 checks green
  2 unenforced contract item(s), 25 guard regression(s)

  ok   [DEFECT] normalize rejects ordering op '<' against a bool input
  ok   [DEFECT] normalize rejects ordering op '<' against a trigger input
  ok   [DEFECT] normalize rejects ordering op '<=' against a bool input
  ok   [DEFECT] normalize rejects ordering op '<=' against a trigger input
  ok   [DEFECT] normalize rejects ordering op '>' against a bool input
  ok   [DEFECT] normalize rejects ordering op '>' against a trigger input
  ok   [DEFECT] normalize rejects ordering op '>=' against a bool input
  ok   [DEFECT] normalize rejects ordering op '>=' against a trigger input
  ok   [DEFECT] normalize rejects '==' against a trigger input
  ok   [DEFECT] normalize rejects '!=' against a trigger input
  ok   [DEFECT] normalize never silently rewrites an authored condition value
  ok   [DEFECT] normalize rejects a malformed conditions field instead of emptying it
  FAIL [DEFECT] the command layer cannot author an illegal matrix condition either
       createReference is not defined
  FAIL [GUARD ] a number input keeps ordering and equality ops, value preserved
       legal '<' on a number was rejected: createReference is not defined
       
       false !== true
       
  FAIL [GUARD ] a bool input keeps == and != against a boolean value
       a legal bool condition was rejected: createReference is not defined
       
       false !== true
       
  FAIL [GUARD ] a trigger input keeps fired and !fired, and neither carries a value
       fired on a trigger was rejected: createReference is not defined
       
       false !== true
       
  ok   [GUARD ] fired and !fired stay rejected against non-trigger inputs
  ok   [GUARD ] comparisons still require a value on every input type
  FAIL [GUARD ] a transition with no conditions stays legal and normalizes to an empty list
       an unconditional transition was rejected: createReference is not defined
       
       false !== true
       
  FAIL [GUARD ] deleting the active state cannot leave a dangling stateId
       createReference is not defined
  FAIL [GUARD ] the machine is not permanently frozen after its active state is deleted
       createReference is not defined
  FAIL [GUARD ] deleting a blend target mid-blend cannot land on a removed state
       createReference is not defined
  FAIL [GUARD ] inputs reported by the runtime always exist in the document
       createReference is not defined
  FAIL [GUARD ] an override for a deleted input is dropped and the runtime still works
       createReference is not defined
  FAIL [GUARD ] authored input edits surface through the runtime (no shadowing)
       createReference is not defined
  FAIL [GUARD ] a live override wins over the authored value and survives a non-structural edit
       createReference is not defined
  FAIL [GUARD ] a type change is structural: the override is dropped, the authored value wins
       createReference is not defined
  FAIL [GUARD ] reset() returns every input to its authored value
       createReference is not defined
  FAIL [GUARD ] fire() arms a trigger and the next step consumes it
       createReference is not defined
  FAIL [GUARD ] the runtime agrees with the document across undo and redo
       createReference is not defined
  FAIL [GUARD ] an unrelated document edit preserves runtime position
       createReference is not defined
  FAIL [GUARD ] a cosmetic edit to this machine preserves runtime position
       createReference is not defined
  FAIL [GUARD ] a structural change moves to a valid state instead of throwing
       createReference is not defined
  FAIL [GUARD ] removing the whole machine never throws out of a step loop
       createReference is not defined
  FAIL [GUARD ] reconciliation never mutates the document
       createReference is not defined
  FAIL [GUARD ] at most one invalidation per structural change, none for cosmetic edits
       createReference is not defined
  FAIL [GUARD ] runtime and document agree at every revision of an interleaved session
       createReference is not defined
  FAIL [DEFECT] a second concurrent transaction is never silently absorbed
       createReference is not defined
  FAIL [GUARD ] an abandoned drag can always be cancelled back to a clean store
       createReference is not defined
  FAIL [GUARD ] a rejected nested begin leaves the outer transaction intact and committable
       createReference is not defined
  FAIL [GUARD ] a stale override address raises rather than silently doing nothing
       createReference is not defined

A GUARD is a regression against settled behaviour: fix the implementation, not the assertion.
DEFECT checks are the 3B contract not yet enforced (docs/VEYRA_INTERACTION_SURFACE.md).
FAIL tests/veyra-manifest.test.mjs
file:///home/runner/work/Rive_Rider/Rive_Rider/src/veyra/model.js:552
    compatibilityLayer: createReference('machineLayer', compatibility.id),
                        ^

ReferenceError: createReference is not defined
    at createStateMachine (file:///home/runner/work/Rive_Rider/Rive_Rider/src/veyra/model.js:552:25)
    at buildFixture (file:///home/runner/work/Rive_Rider/Rive_Rider/tests/veyra-manifest.test.mjs:89:7)
    at file:///home/runner/work/Rive_Rider/Rive_Rider/tests/veyra-manifest.test.mjs:100:18
    at ModuleJob.run (node:internal/modules/esm/module_job:343:25)
    at async onImport.tracePromise.__proto__ (node:internal/modules/esm/loader:681:26)
    at async asyncRunEntryPointWithESMLoader (node:internal/modules/run_main:117:5)

Node.js v22.23.2
FAIL tests/veyra-model.test.mjs
file:///home/runner/work/Rive_Rider/Rive_Rider/src/veyra/model.js:552
    compatibilityLayer: createReference('machineLayer', compatibility.id),
                        ^

ReferenceError: createReference is not defined
    at createStateMachine (file:///home/runner/work/Rive_Rider/Rive_Rider/src/veyra/model.js:552:25)
    at file:///home/runner/work/Rive_Rider/Rive_Rider/tests/veyra-model.test.mjs:228:19
    at ModuleJob.run (node:internal/modules/esm/module_job:343:25)
    at async onImport.tracePromise.__proto__ (node:internal/modules/esm/loader:681:26)
    at async asyncRunEntryPointWithESMLoader (node:internal/modules/run_main:117:5)

Node.js v22.23.2
PASS tests/veyra-override-merge.test.mjs — All override-merge contract items enforced. EXPECTED_RED_DEBT is 0: any new red here blocks the build. Keep the ratchet — it is the pattern for future intentional debt, not dead code.
PASS tests/veyra-renderer-interaction.test.mjs — renderer interaction checks passed
PASS tests/veyra-resolver-corrections.test.mjs — veyra M2 resolver correction tests passed
FAIL tests/veyra-resolver.test.mjs
file:///home/runner/work/Rive_Rider/Rive_Rider/src/veyra/model.js:552
    compatibilityLayer: createReference('machineLayer', compatibility.id),
                        ^

ReferenceError: createReference is not defined
    at createStateMachine (file:///home/runner/work/Rive_Rider/Rive_Rider/src/veyra/model.js:552:25)
    at fixture (file:///home/runner/work/Rive_Rider/Rive_Rider/tests/veyra-resolver.test.mjs:45:19)
    at file:///home/runner/work/Rive_Rider/Rive_Rider/tests/veyra-resolver.test.mjs:80:18
    at ModuleJob.run (node:internal/modules/esm/module_job:343:25)
    at async onImport.tracePromise.__proto__ (node:internal/modules/esm/loader:681:26)
    at async asyncRunEntryPointWithESMLoader (node:internal/modules/run_main:117:5)

Node.js v22.23.2
PASS tests/veyra-rigging.test.mjs — veyra rigging tests passed
PASS tests/veyra-semantics-corrections.test.mjs — veyra M1 correction-pass tests passed
FAIL tests/veyra-semantics.test.mjs
file:///home/runner/work/Rive_Rider/Rive_Rider/src/veyra/model.js:552
    compatibilityLayer: createReference('machineLayer', compatibility.id),
                        ^

ReferenceError: createReference is not defined
    at createStateMachine (file:///home/runner/work/Rive_Rider/Rive_Rider/src/veyra/model.js:552:25)
    at file:///home/runner/work/Rive_Rider/Rive_Rider/tests/veyra-semantics.test.mjs:67:17
    at ModuleJob.run (node:internal/modules/esm/module_job:343:25)
    at async onImport.tracePromise.__proto__ (node:internal/modules/esm/loader:681:26)
    at async asyncRunEntryPointWithESMLoader (node:internal/modules/run_main:117:5)

Node.js v22.23.2
PASS tests/veyra-shell-bridge.test.mjs — All shell bridge tests passed!
FAIL tests/veyra-shell-integration.test.mjs
Veyra shell preview-pointer wiring integration (real handlers, real store)

  ok   [T2] real preview handler composition reaches transport in ordered set-active then play calls
  ok   [T2] falsy intent is a no-op with no diagnostic or transport call
  ok   [T2] preview miss produces no transport calls
  ok   [T2] unknown timeline diagnoses and never sets active timeline or plays
  ok   [T2] non-finite seek diagnoses and never seeks
  ok   [T2] runtime intent diagnoses and never reaches transport
  ok   [T2] unknown transport op preserves active assignment without diagnostic
  ok   [GATE 1] preview pointerdown on direct-play listener dispatches a play transport intent
  ok   [GATE 1 negative] preview pointerdown with no hit does not dispatch playback
  ok   [GATE 2] preview pointerdown play does not mutate document identity or command history
  ok   [GATE 2] preview pointerdown no-hit does not mutate document identity or command history
  ok   [GATE 2] non-preview (select mode) pointerdown on the same target never plays
  ok   [GATE 3] canvas offset + CSS/DPR scale converts client coords to the correct canvas-local hit
  ok   [GATE 3] zoom/pan viewport reaches the resolver (documented, non-crashing path)
  ok   [GATE 4] document identity replacement clears stale hover and adopts the new document
file:///home/runner/work/Rive_Rider/Rive_Rider/src/veyra/model.js:552
    compatibilityLayer: createReference('machineLayer', compatibility.id),
                        ^

ReferenceError: createReference is not defined
    at createStateMachine (file:///home/runner/work/Rive_Rider/Rive_Rider/src/veyra/model.js:552:25)
    at file:///home/runner/work/Rive_Rider/Rive_Rider/tests/veyra-shell-integration.test.mjs:425:19
    at ModuleJob.run (node:internal/modules/esm/module_job:343:25)
    at async onImport.tracePromise.__proto__ (node:internal/modules/esm/loader:681:26)
    at async asyncRunEntryPointWithESMLoader (node:internal/modules/run_main:117:5)

Node.js v22.23.2
FAIL tests/veyra-statemachine.test.mjs
Testing Veyra state machine system...
✓ document defaults and legacy normalization
✓ machine input/condition/state/transition creators
file:///home/runner/work/Rive_Rider/Rive_Rider/src/veyra/model.js:552
    compatibilityLayer: createReference('machineLayer', compatibility.id),
                        ^

ReferenceError: createReference is not defined
    at createStateMachine (file:///home/runner/work/Rive_Rider/Rive_Rider/src/veyra/model.js:552:25)
    at file:///home/runner/work/Rive_Rider/Rive_Rider/tests/veyra-statemachine.test.mjs:130:19
    at ModuleJob.run (node:internal/modules/esm/module_job:343:25)
    at async onImport.tracePromise.__proto__ (node:internal/modules/esm/loader:681:26)
    at async asyncRunEntryPointWithESMLoader (node:internal/modules/run_main:117:5)

Node.js v22.23.2
PASS tests/veyra-store.test.mjs — veyra store tests passed
PASS tests/veyra-workspace-ux.test.mjs — veyra M5 workspace UX stabilization tests passed
30 of 47 suites passed
