
> test
> node scripts/run-suites.mjs

PASS tests/architecture-modules.test.mjs — architecture module tests passed
PASS tests/veyra-animation.test.mjs — ✅ All Veyra animation tests passed!
PASS tests/veyra-browser.test.mjs — Veyra headless browser suite — 15/15 checks green
PASS tests/veyra-control-plane-corrections.test.mjs — veyra M3 correction-pass tests passed
PASS tests/veyra-control-plane.test.mjs — veyra M3 unified control plane/dependency/ownership tests passed
PASS tests/veyra-foundation.test.mjs — veyra foundation contract tests passed
PASS tests/veyra-gestures.test.mjs — veyra gesture tests passed
PASS tests/veyra-golden.test.mjs — veyra golden scene tests passed
PASS tests/veyra-hittest.test.mjs — All hit-test tests passed!
PASS tests/veyra-identity.test.mjs — veyra stable identity tests passed
PASS tests/veyra-interaction-loop.test.mjs — veyra M4 current interaction loop tests passed
PASS tests/veyra-listener-runtime-invariants.test.mjs
PASS tests/veyra-listeners-runtime.test.mjs — All listener runtime tests passed!
PASS tests/veyra-listeners.test.mjs — All listener tests passed!
PASS tests/veyra-m4-corrections.test.mjs — veyra M4 interaction correctness correction tests passed
PASS tests/veyra-m5-artboard-origin-final.test.mjs — veyra M5 final artboard-origin correction tests passed
PASS tests/veyra-m5-camera-artboard-corrections.test.mjs — veyra M5 camera/artboard correction tests passed
PASS tests/veyra-m6-component-corrections.test.mjs — veyra M6 component runtime/evaluation correction tests passed
PASS tests/veyra-m6-final-corrections.test.mjs — veyra M6 final workspace/stroke/runtime-scope correction tests passed
PASS tests/veyra-m6-project-graph.test.mjs — veyra M6 multi-artboard/components/project-graph tests passed
PASS tests/veyra-m7-authoring.test.mjs — 22 M7 adversarial checks green
PASS tests/veyra-m8-c1-corrections.test.mjs — veyra M8-C1 correction tests passed — 28 checks; original M8 acceptance #1-#27 explicitly mapped (#28 is exact-final-head CI)
PASS tests/veyra-m8-c2-warm-runtime.test.mjs — veyra M8-C2 warm-runtime correction tests passed — 13 checks green
PASS tests/veyra-m8-c3-composition.test.mjs — M8-C3 composed runtime contracts: 17 checks passed
PASS tests/veyra-m8-c3-runtime-contracts.test.mjs — M8-C3 reproduced contracts: 12 checks passed
PASS tests/veyra-m8-c4-context.test.mjs — M8-C4 evaluated context: 15/15 passed
PASS tests/veyra-m8-c4-graph.test.mjs — M8-C4 graph composition: 17/17 passed
PASS tests/veyra-m8-c4-reproduced.test.mjs — M8-C4 reproduced contracts: 9/9 passed
PASS tests/veyra-m8-c4-types.test.mjs — M8-C4 full type contracts: 13/13 passed
PASS tests/veyra-m8-c5-effective-writes.test.mjs
PASS tests/veyra-m8-data-binding.test.mjs — veyra M8 View Models/data binding tests passed — 28/28 adversarial checks green
PASS tests/veyra-m9-layer-schema.test.mjs
PASS tests/veyra-m9-layered-runtime.test.mjs — Veyra M9 layered runtime / pseudo-state / reverse-speed tests passed
PASS tests/veyra-machine-invariants.test.mjs — All invariants green: the operator/type matrix is enforced and no guard has regressed.
PASS tests/veyra-manifest.test.mjs — veyra manifest tests passed
PASS tests/veyra-model.test.mjs — veyra model tests passed
PASS tests/veyra-override-merge.test.mjs — All override-merge contract items enforced. EXPECTED_RED_DEBT is 0: any new red here blocks the build. Keep the ratchet — it is the pattern for future intentional debt, not dead code.
PASS tests/veyra-renderer-interaction.test.mjs — renderer interaction checks passed
PASS tests/veyra-resolver-corrections.test.mjs — veyra M2 resolver correction tests passed
PASS tests/veyra-resolver.test.mjs — veyra M2 semantic index/resolver tests passed
PASS tests/veyra-rigging.test.mjs — veyra rigging tests passed
PASS tests/veyra-semantics-corrections.test.mjs — veyra M1 correction-pass tests passed
PASS tests/veyra-semantics.test.mjs — veyra universal semantic metadata tests passed
PASS tests/veyra-shell-bridge.test.mjs — All shell bridge tests passed!
PASS tests/veyra-shell-integration.test.mjs — All 30 shell integration checks passed!
FAIL tests/veyra-statemachine.test.mjs
Testing Veyra state machine system...
✓ document defaults and legacy normalization
✓ machine input/condition/state/transition creators
✓ full machine normalizes through the document
✓ machine validation errors
✓ runtime initial state and authored-time evaluation
✓ explicit initial state
✓ trigger fires transition, blends, completes, and consumes the trigger
✓ zero-duration transition cuts immediately
✓ number and boolean conditions
✓ trigger single-shot and !fired conditions
✓ after gating
✓ first eligible transition wins
✓ chained transitions across steps
node:internal/modules/run_main:123
    triggerUncaughtException(
    ^

AssertionError [ERR_ASSERTION]: Expected values to be strictly deep-equal:
+ actual - expected
... Skipped lines

  {
    evaluatedTimelines: [
      {
        time: 1,
        timelineId: 'timeline_9dbcc537-4b1a-43d9-b24c-668172d8bf7f',
...
      timelineEvaluations: 2,
+     transitionConditionEvaluations: 1,
-     transitionConditionEvaluations: 2,
      zeroMachineFastPaths: 0
    },
    transition: {
      duration: 0.5,
      fromId: 's0',

    at file:///home/runner/work/Rive_Rider/Rive_Rider/tests/veyra-statemachine.test.mjs:564:10
    at ModuleJob.run (node:internal/modules/esm/module_job:343:25)
    at async onImport.tracePromise.__proto__ (node:internal/modules/esm/loader:681:26)
    at async asyncRunEntryPointWithESMLoader (node:internal/modules/run_main:117:5) {
  generatedMessage: true,
  code: 'ERR_ASSERTION',
  actual: {
    machineId: 'machine_1243daf6-d569-41c5-8df8-449892172f44',
    stateId: 's0',
    stateName: 'A',
    stateTime: 1,
    transition: {
      id: 'machineTransition_06f09605-6089-4fa8-a169-24273981b108',
      fromId: 's0',
      toId: 's1',
      duration: 0.5,
      progress: 0
    },
    inputs: [
      {
        id: 'machineInput_c1b2b875-227b-49a7-a559-955eb9e3a34a',
        name: 'Always',
        type: 'bool',
        value: true
      }
    ],
    layers: [
      {
        layer: {
          kind: 'machineLayer',
          id: 'machineLayer_machine_1243daf6-d569-41c5-8df8-449892172f44_default'
        },
        layerName: 'Base Layer',
        enabled: true,
        order: 0,
        stateId: 's0',
        stateName: 'A',
        stateType: 'animation',
        stateTime: 1,
        transition: {
          id: 'machineTransition_06f09605-6089-4fa8-a169-24273981b108',
          fromId: 's0',
          toId: 's1',
          duration: 0.5,
          progress: 0
        },
        evaluatedTimelines: [
          {
            timelineId: 'timeline_9dbcc537-4b1a-43d9-b24c-668172d8bf7f',
            time: 1,
            weight: 1,
            stateId: 's0'
          },
          {
            timelineId: 'timeline_77391c2f-bcc2-48f0-a7e1-28180868bdf2',
            time: 0,
            weight: 0,
            stateId: 's1'
          }
        ]
      }
    ],
    overrides: {
      'node:rectangle_bc03dc7d-b30c-465c-90e4-bd5ca598f4f2/geometry/width': 200
    },
    ownership: {
      'node:rectangle_bc03dc7d-b30c-465c-90e4-bd5ca598f4f2/geometry/width': [
        {
          kind: 'machine-layer',
          machine: {
            kind: 'stateMachine',
            id: 'machine_1243daf6-d569-41c5-8df8-449892172f44'
          },
          layer: {
            kind: 'machineLayer',
            id: 'machineLayer_machine_1243daf6-d569-41c5-8df8-449892172f44_default'
          },
          state: { kind: 'machineState', id: 's0' },
          order: 0,
          contributions: [ [Object], [Object] ],
          effective: true
        }
      ]
    },
    evaluatedTimelines: [
      {
        timelineId: 'timeline_9dbcc537-4b1a-43d9-b24c-668172d8bf7f',
        time: 1,
        weight: 1
      },
      {
        timelineId: 'timeline_77391c2f-bcc2-48f0-a7e1-28180868bdf2',
        time: 0,
        weight: 0
      }
    ],
    stats: {
      activeLayers: 1,
      inactiveLayers: 0,
      evaluations: 1,
      layerEvaluations: 1,
      stateEvaluations: 1,
      transitionConditionEvaluations: 1,
      timelineEvaluations: 2,
      compositionApplications: 1,
      inactiveLayerSkips: 0,
      zeroMachineFastPaths: 0
    }
  },
  expected: {
    machineId: 'machine_1243daf6-d569-41c5-8df8-449892172f44',
    stateId: 's0',
    stateName: 'A',
    stateTime: 1,
    transition: {
      id: 'machineTransition_06f09605-6089-4fa8-a169-24273981b108',
      fromId: 's0',
      toId: 's1',
      duration: 0.5,
      progress: 0
    },
    inputs: [
      {
        id: 'machineInput_c1b2b875-227b-49a7-a559-955eb9e3a34a',
        name: 'Always',
        type: 'bool',
        value: true
      }
    ],
    layers: [
      {
        layer: {
          kind: 'machineLayer',
          id: 'machineLayer_machine_1243daf6-d569-41c5-8df8-449892172f44_default'
        },
        layerName: 'Base Layer',
        enabled: true,
        order: 0,
        stateId: 's0',
        stateName: 'A',
        stateType: 'animation',
        stateTime: 1,
        transition: {
          id: 'machineTransition_06f09605-6089-4fa8-a169-24273981b108',
          fromId: 's0',
          toId: 's1',
          duration: 0.5,
          progress: 0
        },
        evaluatedTimelines: [
          {
            timelineId: 'timeline_9dbcc537-4b1a-43d9-b24c-668172d8bf7f',
            time: 1,
            weight: 1,
            stateId: 's0'
          },
          {
            timelineId: 'timeline_77391c2f-bcc2-48f0-a7e1-28180868bdf2',
            time: 0,
            weight: 0,
            stateId: 's1'
          }
        ]
      }
    ],
    overrides: {
      'node:rectangle_bc03dc7d-b30c-465c-90e4-bd5ca598f4f2/geometry/width': 200
    },
    ownership: {
      'node:rectangle_bc03dc7d-b30c-465c-90e4-bd5ca598f4f2/geometry/width': [
        {
          kind: 'machine-layer',
          machine: {
            kind: 'stateMachine',
            id: 'machine_1243daf6-d569-41c5-8df8-449892172f44'
          },
          layer: {
            kind: 'machineLayer',
            id: 'machineLayer_machine_1243daf6-d569-41c5-8df8-449892172f44_default'
          },
          state: { kind: 'machineState', id: 's0' },
          order: 0,
          contributions: [ [Object], [Object] ],
          effective: true
        }
      ]
    },
    evaluatedTimelines: [
      {
        timelineId: 'timeline_9dbcc537-4b1a-43d9-b24c-668172d8bf7f',
        time: 1,
        weight: 1
      },
      {
        timelineId: 'timeline_77391c2f-bcc2-48f0-a7e1-28180868bdf2',
        time: 0,
        weight: 0
      }
    ],
    stats: {
      activeLayers: 1,
      inactiveLayers: 0,
      evaluations: 1,
      layerEvaluations: 1,
      stateEvaluations: 1,
      transitionConditionEvaluations: 2,
      timelineEvaluations: 2,
      compositionApplications: 1,
      inactiveLayerSkips: 0,
      zeroMachineFastPaths: 0
    }
  },
  operator: 'deepStrictEqual',
  diff: 'simple'
}

Node.js v22.23.2
PASS tests/veyra-store.test.mjs — veyra store tests passed
PASS tests/veyra-workspace-ux.test.mjs — veyra M5 workspace UX stabilization tests passed
47 of 48 suites passed
